// Jest Snapshot v1, https://goo.gl/fbAQLP

exports[`Main page render the page 1`] = `
<div
  class="sc-bdnxRM ikrJdP"
  data-testid="civilizations-list"
>
  <div>
    Aztecs
  </div>
  <div>
    Britons
  </div>
  <div>
    Byzantines
  </div>
  <div>
    Celts
  </div>
  <div>
    Chinese
  </div>
  <div>
    Franks
  </div>
  <div>
    Goths
  </div>
  <div>
    Huns
  </div>
  <div>
    Japanese
  </div>
  <div>
    Koreans
  </div>
  <div>
    Mayans
  </div>
  <div>
    Mongols
  </div>
  <div>
    Persians
  </div>
  <div>
    Saracens
  </div>
  <div>
    Spanish
  </div>
  <div>
    Teutons
  </div>
  <div>
    Turks
  </div>
  <div>
    Vikings
  </div>
  <div>
    Berbers
  </div>
  <div>
    Burmese
  </div>
  <div>
    Ethiopians
  </div>
  <div>
    Goths
  </div>
  <div>
    Incas
  </div>
  <div>
    Indians
  </div>
  <div>
    Italians
  </div>
  <div>
    Japanese
  </div>
  <div>
    Khmer
  </div>
  <div>
    Magyars
  </div>
  <div>
    Malians
  </div>
  <div>
    Portuguese
  </div>
  <div>
    Slavs
  </div>
  <div>
    Vietnamese
  </div>
</div>
`;
